[debug] [2026-05-27T03:53:56.660Z] ----------------------------------------------------------------------
[debug] [2026-05-27T03:53:56.666Z] Command:       /Users/michellepaulson/.nvm/versions/node/v22.22.2/bin/node /Users/michellepaulson/.nvm/versions/node/v22.22.2/bin/firebase apphosting:secrets:set GOLDRUSH_API_KEY --project hailmary-3ff6c
[debug] [2026-05-27T03:53:56.667Z] CLI Version:   15.18.0
[debug] [2026-05-27T03:53:56.667Z] Platform:      darwin
[debug] [2026-05-27T03:53:56.668Z] Node Version:  v22.22.2
[debug] [2026-05-27T03:53:56.668Z] Time:          Tue May 26 2026 20:53:56 GMT-0700 (Pacific Daylight Time)
[debug] [2026-05-27T03:53:56.669Z] ----------------------------------------------------------------------
[debug] 
[debug] [2026-05-27T03:53:57.427Z] Object "/storage" in "firebase.json" has unknown property: {"additionalProperty":"bucket"}
[debug] [2026-05-27T03:53:57.427Z] Field "/storage" in "firebase.json" is possibly invalid: must be array
[debug] [2026-05-27T03:53:57.427Z] Field "/storage" in "firebase.json" is possibly invalid: must match a schema in anyOf
[debug] [2026-05-27T03:53:57.483Z] > command requires scopes: ["email","openid","https://www.googleapis.com/auth/cloudplatformprojects.readonly","https://www.googleapis.com/auth/firebase","https://www.googleapis.com/auth/cloud-platform"]
[debug] [2026-05-27T03:53:57.484Z] > authorizing via signed-in user (mpaulsonx@gmail.com)
[debug] [2026-05-27T03:53:57.490Z] > command requires scopes: ["email","openid","https://www.googleapis.com/auth/cloudplatformprojects.readonly","https://www.googleapis.com/auth/firebase","https://www.googleapis.com/auth/cloud-platform"]
[debug] [2026-05-27T03:53:57.490Z] > authorizing via signed-in user (mpaulsonx@gmail.com)
[debug] [2026-05-27T03:53:57.491Z] [iam] checking project hailmary-3ff6c for permissions ["firebase.projects.get","secretmanager.secrets.create","secretmanager.secrets.get","secretmanager.secrets.getIamPolicy","secretmanager.secrets.setIamPolicy","secretmanager.secrets.update","secretmanager.versions.add"]
[debug] [2026-05-27T03:53:57.491Z] Checked if tokens are valid: true, expires at: 1779857527114
[debug] [2026-05-27T03:53:57.492Z] Checked if tokens are valid: true, expires at: 1779857527114
[debug] [2026-05-27T03:53:57.501Z] >>> [apiv2][query] POST https://cloudresourcemanager.googleapis.com/v1/projects/hailmary-3ff6c:testIamPermissions [none]
[debug] [2026-05-27T03:53:57.505Z] >>> [apiv2][(partial)header] POST https://cloudresourcemanager.googleapis.com/v1/projects/hailmary-3ff6c:testIamPermissions  x-goog-user-project=hailmary-3ff6c
[debug] [2026-05-27T03:53:57.505Z] >>> [apiv2][body] POST https://cloudresourcemanager.googleapis.com/v1/projects/hailmary-3ff6c:testIamPermissions {"permissions":["firebase.projects.get","secretmanager.secrets.create","secretmanager.secrets.get","secretmanager.secrets.getIamPolicy","secretmanager.secrets.setIamPolicy","secretmanager.secrets.update","secretmanager.versions.add"]}
[debug] [2026-05-27T03:53:57.804Z] <<< [apiv2][status] POST https://cloudresourcemanager.googleapis.com/v1/projects/hailmary-3ff6c:testIamPermissions 200
[debug] [2026-05-27T03:53:57.805Z] <<< [apiv2][body] POST https://cloudresourcemanager.googleapis.com/v1/projects/hailmary-3ff6c:testIamPermissions {"permissions":["firebase.projects.get","secretmanager.secrets.create","secretmanager.secrets.get","secretmanager.secrets.getIamPolicy","secretmanager.secrets.setIamPolicy","secretmanager.secrets.update","secretmanager.versions.add"]}
[debug] [2026-05-27T03:53:57.806Z] Checked if tokens are valid: true, expires at: 1779857527114
[debug] [2026-05-27T03:53:57.806Z] Checked if tokens are valid: true, expires at: 1779857527114
[debug] [2026-05-27T03:53:57.806Z] >>> [apiv2][query] GET https://cloudresourcemanager.googleapis.com/v1/projects/hailmary-3ff6c [none]
[debug] [2026-05-27T03:53:57.994Z] <<< [apiv2][status] GET https://cloudresourcemanager.googleapis.com/v1/projects/hailmary-3ff6c 200
[debug] [2026-05-27T03:53:57.995Z] <<< [apiv2][body] GET https://cloudresourcemanager.googleapis.com/v1/projects/hailmary-3ff6c {"projectNumber":"454753598575","projectId":"hailmary-3ff6c","lifecycleState":"ACTIVE","name":"HailMary","labels":{"firebase":"enabled"},"createTime":"2024-12-03T01:09:11.172927Z"}
[debug] [2026-05-27T03:53:57.996Z] Checked if tokens are valid: true, expires at: 1779857527114
[debug] [2026-05-27T03:53:57.996Z] Checked if tokens are valid: true, expires at: 1779857527114
[debug] [2026-05-27T03:53:57.996Z] >>> [apiv2][query] GET https://secretmanager.googleapis.com/v1/projects/hailmary-3ff6c/secrets/GOLDRUSH_API_KEY [none]
[debug] [2026-05-27T03:53:58.284Z] <<< [apiv2][status] GET https://secretmanager.googleapis.com/v1/projects/hailmary-3ff6c/secrets/GOLDRUSH_API_KEY 404
[debug] [2026-05-27T03:53:58.284Z] <<< [apiv2][body] GET https://secretmanager.googleapis.com/v1/projects/hailmary-3ff6c/secrets/GOLDRUSH_API_KEY {"error":{"code":404,"message":"Secret [projects/454753598575/secrets/GOLDRUSH_API_KEY] not found.","status":"NOT_FOUND"}}
[debug] [2026-05-27T03:53:58.285Z] Checked if tokens are valid: true, expires at: 1779857527114
[debug] [2026-05-27T03:53:58.285Z] Checked if tokens are valid: true, expires at: 1779857527114
[debug] [2026-05-27T03:53:58.285Z] >>> [apiv2][query] POST https://secretmanager.googleapis.com/v1/projects/hailmary-3ff6c/secrets secretId=GOLDRUSH_API_KEY
[debug] [2026-05-27T03:53:58.285Z] >>> [apiv2][body] POST https://secretmanager.googleapis.com/v1/projects/hailmary-3ff6c/secrets {"name":"GOLDRUSH_API_KEY","replication":{"automatic":{}},"labels":{"firebase-managed":"apphosting"}}
[debug] [2026-05-27T03:53:58.738Z] <<< [apiv2][status] POST https://secretmanager.googleapis.com/v1/projects/hailmary-3ff6c/secrets 200
[debug] [2026-05-27T03:53:58.738Z] <<< [apiv2][body] POST https://secretmanager.googleapis.com/v1/projects/hailmary-3ff6c/secrets {"name":"projects/454753598575/secrets/GOLDRUSH_API_KEY","replication":{"automatic":{}},"createTime":"2026-05-27T03:53:58.474285Z","labels":{"firebase-managed":"apphosting"},"etag":"\"1652c48fbb7b7e\""}
[info] ✔  Created new secret projects/hailmary-3ff6c/secrets/GOLDRUSH_API_KEY 
